// Jest Snapshot v1, https://goo.gl/fbAQLP

exports[`Objectives Render Objectives with Data from Mock 1`] = `
<div>
  <main
    class="main-0-2-2"
  >
    <nav>
      <section>
        <h1>
          Objectives
        </h1>
        <img
          alt="bell"
          src="conference.svg"
        />
      </section>
      <div
        class="icons"
      >
        <div
          class="iter"
        >
          <h2>
            iteration type : 
            <strong>
              ROUND
            </strong>
          </h2>
        </div>
        <img
          alt="bell"
          src="slack.svg"
        />
        <img
          alt="bell"
          src="calendar.svg"
        />
        <button>
          <svg
            aria-hidden="true"
            class="MuiSvgIcon-root MuiSvgIcon-fontSizeMedium material-icons notranslate MuiIcon-root MuiIcon-fontSizeMedium css-zqw3rs-MuiSvgIcon-root-MuiIcon-root"
            data-testid="RocketLaunchIcon"
            focusable="false"
            viewBox="0 0 24 24"
          >
            <path
              d="M9.19 6.35c-2.04 2.29-3.44 5.58-3.57 5.89L2 10.69l4.05-4.05c.47-.47 1.15-.68 1.81-.55l1.33.26zM11.17 17s3.74-1.55 5.89-3.7c5.4-5.4 4.5-9.62 4.21-10.57-.95-.3-5.17-1.19-10.57 4.21C8.55 9.09 7 12.83 7 12.83L11.17 17zm6.48-2.19c-2.29 2.04-5.58 3.44-5.89 3.57L13.31 22l4.05-4.05c.47-.47.68-1.15.55-1.81l-.26-1.33zM9 18c0 .83-.34 1.58-.88 2.12C6.94 21.3 2 22 2 22s.7-4.94 1.88-6.12C4.42 15.34 5.17 15 6 15c1.66 0 3 1.34 3 3zm4-9c0-1.1.9-2 2-2s2 .9 2 2-.9 2-2 2-2-.9-2-2z"
            />
          </svg>
          <h3>
            Upgrade
          </h3>
        </button>
        <img
          alt="bell"
          src="bell.svg"
          style="cursor: pointer;"
        />
        <img
          alt="add"
          src="add.svg"
        />
      </div>
    </nav>
    <span />
    <section
      class="search"
    >
      <div
        class="left"
      >
        <form
          class="MuiPaper-root MuiPaper-elevation MuiPaper-rounded MuiPaper-elevation1 css-1x91vgv-MuiPaper-root"
        >
          <div
            class="MuiInputBase-root MuiInputBase-colorPrimary css-9qawp9-MuiInputBase-root"
          >
            <input
              class="MuiInputBase-input css-yz9k0d-MuiInputBase-input"
              placeholder="Choose something"
              type="text"
              value=""
            />
          </div>
          <svg
            aria-hidden="true"
            class="MuiSvgIcon-root MuiSvgIcon-fontSizeMedium css-ixemat-MuiSvgIcon-root"
            data-testid="SearchIcon"
            focusable="false"
            viewBox="0 0 24 24"
          >
            <path
              d="M15.5 14h-.79l-.28-.27C15.41 12.59 16 11.11 16 9.5 16 5.91 13.09 3 9.5 3S3 5.91 3 9.5 5.91 16 9.5 16c1.61 0 3.09-.59 4.23-1.57l.27.28v.79l5 4.99L20.49 19l-4.99-5zm-6 0C7.01 14 5 11.99 5 9.5S7.01 5 9.5 5 14 7.01 14 9.5 11.99 14 9.5 14z"
            />
          </svg>
        </form>
        <svg
          aria-hidden="true"
          class="MuiSvgIcon-root MuiSvgIcon-fontSizeMedium material-icons notranslate MuiIcon-root MuiIcon-fontSizeMedium icon css-1n7dniw-MuiSvgIcon-root-MuiIcon-root"
          data-testid="ArrowUpwardIcon"
          focusable="false"
          viewBox="0 0 24 24"
        >
          <path
            d="m4 12 1.41 1.41L11 7.83V20h2V7.83l5.58 5.59L20 12l-8-8-8 8z"
          />
        </svg>
      </div>
      <div
        class="right"
      >
        <button>
          Milestones
        </button>
        <a
          class="link"
          href="/objectives"
        >
          Requirements
        </a>
      </div>
    </section>
    <main
      class="core"
    >
      <div
        class="line"
      >
        <div
          class="it name"
        >
          NAME
        </div>
        <div
          class="it prio"
        >
          PRIORITY
        </div>
        <div
          class="it status"
        >
          STATUS
        </div>
        <div
          class="it assi"
        >
          ASSIGNEES
        </div>
        <div
          class="it date"
        >
          DUE DATE
        </div>
        <div
          class="it check"
        >
          CHECKMARKS
        </div>
      </div>
      <div
        class="_line"
      >
        <div
          class="_it _name"
        >
          Notifications Center
        </div>
        <div
          class="_it _prio"
        >
          <div
            class="cont"
            style="background: rgb(41, 194, 147);"
          >
            LOW
          </div>
        </div>
        <div
          class="_it _status"
        >
          <div
            class="cont"
          >
            Not Done
          </div>
        </div>
        <div
          class="_it _assi"
        >
          <div
            class="cont"
          >
            <img
              alt=""
              class="img1"
              src="Oval.svg"
              style="width: 20px; height: 20px; z-index: 3;"
            />
            <img
              alt=""
              src="Oval.svg"
              style="width: 20px; height: 20px; z-index: 4;"
            />
            <img
              alt=""
              class="img2"
              src="Oval.svg"
              style="width: 20px; height: 20px; z-index: 5;"
            />
          </div>
        </div>
        <div
          class="_it _date"
        >
          15/01/2020
        </div>
        <div
          class="_it _check"
        >
           
          5/10
           
        </div>
      </div>
      <span />
      <div
        class="_line"
      >
        <div
          class="_it _name"
        >
          App Mobile
        </div>
        <div
          class="_it _prio"
        >
          <div
            class="cont"
            style="background: rgb(255, 171, 42);"
          >
            MEDUIM
          </div>
        </div>
        <div
          class="_it _status"
        >
          <div
            class="cont"
          >
            Not Done
          </div>
        </div>
        <div
          class="_it _assi"
        >
          <div
            class="cont"
          >
            <img
              alt=""
              class="img1"
              src="Oval.svg"
              style="width: 20px; height: 20px; z-index: 3;"
            />
            <img
              alt=""
              src="Oval.svg"
              style="width: 20px; height: 20px; z-index: 4;"
            />
            <img
              alt=""
              class="img2"
              src="Oval.svg"
              style="width: 20px; height: 20px; z-index: 5;"
            />
          </div>
        </div>
        <div
          class="_it _date"
        >
          15/01/2020
        </div>
        <div
          class="_it _check"
        >
           
          5/10
           
        </div>
      </div>
      <span />
      <div
        class="_line"
      >
        <div
          class="_it _name"
        >
          DevOps
        </div>
        <div
          class="_it _prio"
        >
          <div
            class="cont"
            style="background: rgb(253, 84, 97);"
          >
            HIGH
          </div>
        </div>
        <div
          class="_it _status"
        >
          <div
            class="cont"
          >
            Not Done
          </div>
        </div>
        <div
          class="_it _assi"
        >
          <div
            class="cont"
          >
            <img
              alt=""
              class="img1"
              src="Oval.svg"
              style="width: 20px; height: 20px; z-index: 3;"
            />
            <img
              alt=""
              src="Oval.svg"
              style="width: 20px; height: 20px; z-index: 4;"
            />
            <img
              alt=""
              class="img2"
              src="Oval.svg"
              style="width: 20px; height: 20px; z-index: 5;"
            />
          </div>
        </div>
        <div
          class="_it _date"
        >
          15/01/2020
        </div>
        <div
          class="_it _check"
        >
           
          5/10
           
        </div>
      </div>
      <span />
      <div
        class="_line"
      >
        <div
          class="_it _name"
        >
          Kubernetes
        </div>
        <div
          class="_it _prio"
        >
          <div
            class="cont"
            style="background: rgb(219, 84, 253);"
          >
            URGENT
          </div>
        </div>
        <div
          class="_it _status"
        >
          <div
            class="cont"
          >
            Not Done
          </div>
        </div>
        <div
          class="_it _assi"
        >
          <div
            class="cont"
          >
            <img
              alt=""
              class="img1"
              src="Oval.svg"
              style="width: 20px; height: 20px; z-index: 3;"
            />
            <img
              alt=""
              src="Oval.svg"
              style="width: 20px; height: 20px; z-index: 4;"
            />
            <img
              alt=""
              class="img2"
              src="Oval.svg"
              style="width: 20px; height: 20px; z-index: 5;"
            />
          </div>
        </div>
        <div
          class="_it _date"
        >
          15/01/2020
        </div>
        <div
          class="_it _check"
        >
           
          5/10
           
        </div>
      </div>
      <span />
      <div
        class="_line"
      >
        <div
          class="_it _name"
        >
          Docker
        </div>
        <div
          class="_it _prio"
        >
          <div
            class="cont"
            style="background: rgb(41, 194, 147);"
          >
            LOW
          </div>
        </div>
        <div
          class="_it _status"
        >
          <div
            class="cont"
          >
            Not Done
          </div>
        </div>
        <div
          class="_it _assi"
        >
          <div
            class="cont"
          >
            <img
              alt=""
              class="img1"
              src="Oval.svg"
              style="width: 20px; height: 20px; z-index: 3;"
            />
            <img
              alt=""
              src="Oval.svg"
              style="width: 20px; height: 20px; z-index: 4;"
            />
            <img
              alt=""
              class="img2"
              src="Oval.svg"
              style="width: 20px; height: 20px; z-index: 5;"
            />
          </div>
        </div>
        <div
          class="_it _date"
        >
          15/01/2020
        </div>
        <div
          class="_it _check"
        >
           
          5/10
           
        </div>
      </div>
      <span />
    </main>
  </main>
</div>
`;
